ParameterValueError
  UnixTimestampFormattingError
  FieldsParameterValueError
  DepartureQueryDayParameterValueError
  ArrivalQueryDayParameterValueError
  LatitudeParameterValueError
  LongitudeParameterValueError
NotEnoughParametersError
  ArrivalToNotEnoughParametersError
  DeparturFromNotEnoughParametersError
QueryError
